// Jest Snapshot v1, https://goo.gl/fbAQLP

exports[`render the component Reviews the component should match the saved snapshot 1`] = `
<div>
  <h4
    className="Review"
  >
    RATINGS & REVIEWS
  </h4>
  <div>
    <div />
    <button>
      MORE REVIEWS
    </button>
    <button>
      ADD A REVIEW +
    </button>
  </div>
  <div>
    <div>
      No Reviews Yet
    </div>
  </div>
  <div />
</div>
`;
